
Discarded input sections

 .data          0x00000000        0x0 build/boot.o
 .bss           0x00000000        0x0 build/boot.o
 .text          0x00000000        0x0 build/gpio.o
 .data          0x00000000        0x0 build/gpio.o
 .bss           0x00000000        0x0 build/gpio.o
 .text.gpio_set_pin
                0x00000000       0x18 build/gpio.o
 .text.gpio_clear_pin
                0x00000000       0x1c build/gpio.o
 .text.gpio_read_pin
                0x00000000       0x18 build/gpio.o
 .comment       0x00000000       0x1d build/gpio.o
 .note.GNU-stack
                0x00000000        0x0 build/gpio.o
 .text          0x00000000        0x0 build/i2c.o
 .data          0x00000000        0x0 build/i2c.o
 .bss           0x00000000        0x0 build/i2c.o
 .text.i2c_clear_flags
                0x00000000        0xa build/i2c.o
 .text.i2c_write
                0x00000000       0x70 build/i2c.o
 .comment       0x00000000       0x1d build/i2c.o
 .note.GNU-stack
                0x00000000        0x0 build/i2c.o
 .text          0x00000000        0x0 build/main.o
 .data          0x00000000        0x0 build/main.o
 .bss           0x00000000        0x0 build/main.o
 .comment       0x00000000       0x1d build/main.o
 .note.GNU-stack
                0x00000000        0x0 build/main.o
 .text          0x00000000        0x0 build/qspi.o
 .data          0x00000000        0x0 build/qspi.o
 .bss           0x00000000        0x0 build/qspi.o
 .text.qspi_wait_busy
                0x00000000       0x16 build/qspi.o
 .text.qspi_write_enable
                0x00000000       0x42 build/qspi.o
 .text.qspi_read
                0x00000000       0x52 build/qspi.o
 .text.qspi_page_program
                0x00000000       0xbe build/qspi.o
 .text.qspi_sector_erase
                0x00000000       0x5e build/qspi.o
 .comment       0x00000000       0x1d build/qspi.o
 .note.GNU-stack
                0x00000000        0x0 build/qspi.o
 .text          0x00000000        0x0 build/timer.o
 .data          0x00000000        0x0 build/timer.o
 .bss           0x00000000        0x0 build/timer.o
 .text.timer_clear
                0x00000000        0xa build/timer.o
 .text.timer_clear_events
                0x00000000        0xa build/timer.o
 .text.timer_delay_us
                0x00000000       0x36 build/timer.o
 .comment       0x00000000       0x1d build/timer.o
 .note.GNU-stack
                0x00000000        0x0 build/timer.o
 .text          0x00000000        0x0 build/uart.o
 .data          0x00000000        0x0 build/uart.o
 .bss           0x00000000        0x0 build/uart.o
 .text.uart_recv_byte
                0x00000000       0x34 build/uart.o
 .comment       0x00000000       0x1d build/uart.o
 .note.GNU-stack
                0x00000000        0x0 build/uart.o

Memory Configuration

Name             Origin             Length             Attributes
IMEM             0x00000000         0x00001000         xr
DMEM             0x20000000         0x00001000         rw
*default*        0x00000000         0xffffffff

Linker script and memory map

LOAD build/boot.o
LOAD build/gpio.o
LOAD build/i2c.o
LOAD build/main.o
LOAD build/qspi.o
LOAD build/timer.o
LOAD build/uart.o
                0x00000400                        __STACK_SIZE = 0x400

.text           0x00000000      0x72c
 *(.vectors)
 .vectors       0x00000000       0x76 build/boot.o
                0x00000000                _start
 *(.vectors.*)
 *(.text)
 *fill*         0x00000076        0xa 
 .text          0x00000080       0x12 build/boot.o
                0x00000080                _trap_handler
 *(.text.*)
 .text.gpio_write
                0x00000092        0x8 build/gpio.o
                0x00000092                gpio_write
 .text.gpio_read
                0x0000009a        0x8 build/gpio.o
                0x0000009a                gpio_read
 .text.i2c_read_reg
                0x000000a2       0x6e build/i2c.o
                0x000000a2                i2c_read_reg
 .text.print_hex_line
                0x00000110       0x20 build/main.o
 .text.startup.main
                0x00000130      0x1b0 build/main.o
                0x00000130                main
 .text.qspi_wait_idle
                0x000002e0        0xc build/qspi.o
 .text.qspi_break_shadow
                0x000002ec       0x28 build/qspi.o
 .text.qspi_read_with_addr
                0x00000314       0x5c build/qspi.o
 .text.qspi_init
                0x00000370       0x20 build/qspi.o
                0x00000370                qspi_init
 .text.qspi_read_id
                0x00000390       0x1e build/qspi.o
                0x00000390                qspi_read_id
 .text.qspi_read_status
                0x000003ae       0x1c build/qspi.o
                0x000003ae                qspi_read_status
 .text.timer_init
                0x000003ca       0x16 build/timer.o
                0x000003ca                timer_init
 .text.timer_enable
                0x000003e0        0xa build/timer.o
                0x000003e0                timer_enable
 .text.timer_disable
                0x000003ea        0xa build/timer.o
                0x000003ea                timer_disable
 .text.timer_get_count
                0x000003f4        0x8 build/timer.o
                0x000003f4                timer_get_count
 .text.timer_get_events
                0x000003fc        0x8 build/timer.o
                0x000003fc                timer_get_events
 .text.timer_delay_ms
                0x00000404       0x32 build/timer.o
                0x00000404                timer_delay_ms
 .text.uart_init
                0x00000436        0xa build/uart.o
                0x00000436                uart_init
 .text.uart_send_byte
                0x00000440       0x12 build/uart.o
                0x00000440                uart_send_byte
 .text.uart_send_string
                0x00000452       0x1c build/uart.o
                0x00000452                uart_send_string
 .text.uart_print_hex
                0x0000046e       0x42 build/uart.o
                0x0000046e                uart_print_hex
 .text.uart_print_dec
                0x000004b0       0x56 build/uart.o
                0x000004b0                uart_print_dec
 *(.rodata)
 *(.rodata.*)
 *fill*         0x00000506        0x2 
 .rodata.print_hex_line.str1.4
                0x00000508      0x20f build/main.o
                                  0x7 (size before relaxing)
 .rodata.main.str1.4
                0x00000717      0x204 build/main.o
 .rodata.uart_print_hex.str1.4
                0x00000717        0x3 build/uart.o
 *fill*         0x00000717        0x1 
 .rodata.hex_chars.0
                0x00000718       0x11 build/uart.o
 *(.srodata)
 *(.srodata.*)
                0x0000072c                        . = ALIGN (0x4)
 *fill*         0x00000729        0x3 
                0x0000072c                        _etext = .

.rela.dyn       0x0000072c        0x0
 .rela.vectors  0x0000072c        0x0 build/boot.o

.data           0x20000000        0x0 load address 0x0000072c
                0x20000000                        _sdata = .
 *(.data)
 *(.data.*)
 *(.sdata)
 *(.sdata.*)
                0x20000000                        . = ALIGN (0x4)
                0x20000000                        _edata = .
                0x0000072c                        _sidata = LOADADDR (.data)

.bss            0x20000000        0x4 load address 0x0000072c
                0x20000000                        _sbss = .
 *(.bss)
 *(.bss.*)
 *(.sbss)
 *(.sbss.*)
 .sbss.qspi_last_instr
                0x20000000        0x1 build/qspi.o
 *(COMMON)
                0x20000004                        . = ALIGN (0x4)
 *fill*         0x20000001        0x3 
                0x20000004                        _ebss = .

.stack          0x20000010      0x400 load address 0x00000730
                0x20000010                        _stack_bottom = .
                0x20000410                        . = (. + __STACK_SIZE)
 *fill*         0x20000010      0x400 
                0x20000410                        . = ALIGN (0x10)
                0x20000410                        _stack_top = .

/DISCARD/
 *(.comment)
 *(.note)
 *(.note.*)
 *(.eh_frame)
 *(.eh_frame.*)
                0x20000800                        PROVIDE (__global_pointer$ = (_sdata + 0x800))
OUTPUT(build/firmware.elf elf32-littleriscv)

.riscv.attributes
                0x00000000       0x48
 .riscv.attributes
                0x00000000       0x46 build/boot.o
 .riscv.attributes
                0x00000046       0x44 build/gpio.o
 .riscv.attributes
                0x0000008a       0x44 build/i2c.o
 .riscv.attributes
                0x000000ce       0x44 build/main.o
 .riscv.attributes
                0x00000112       0x44 build/qspi.o
 .riscv.attributes
                0x00000156       0x44 build/timer.o
 .riscv.attributes
                0x0000019a       0x44 build/uart.o

.debug_line     0x00000000     0x1a02
 .debug_line    0x00000000       0xf3 build/boot.o
 .debug_line    0x000000f3      0x1c8 build/gpio.o
 .debug_line    0x000002bb      0x421 build/i2c.o
 .debug_line    0x000006dc      0x469 build/main.o
 .debug_line    0x00000b45      0x796 build/qspi.o
 .debug_line    0x000012db      0x352 build/timer.o
 .debug_line    0x0000162d      0x3d5 build/uart.o

.debug_line_str
                0x00000000      0x117
 .debug_line_str
                0x00000000      0x117 build/boot.o
                                 0x29 (size before relaxing)
 .debug_line_str
                0x00000117       0xed build/gpio.o
 .debug_line_str
                0x00000117       0xe9 build/i2c.o
 .debug_line_str
                0x00000117      0x109 build/main.o
 .debug_line_str
                0x00000117       0xed build/qspi.o
 .debug_line_str
                0x00000117       0xf1 build/timer.o
 .debug_line_str
                0x00000117       0xed build/uart.o

.debug_info     0x00000000     0x16ba
 .debug_info    0x00000000       0x3c build/boot.o
 .debug_info    0x0000003c      0x1af build/gpio.o
 .debug_info    0x000001eb      0x2ee build/i2c.o
 .debug_info    0x000004d9      0x850 build/main.o
 .debug_info    0x00000d29      0x48b build/qspi.o
 .debug_info    0x000011b4      0x26a build/timer.o
 .debug_info    0x0000141e      0x29c build/uart.o

.debug_abbrev   0x00000000      0x9c4
 .debug_abbrev  0x00000000       0x26 build/boot.o
 .debug_abbrev  0x00000026      0x107 build/gpio.o
 .debug_abbrev  0x0000012d      0x1c0 build/i2c.o
 .debug_abbrev  0x000002ed      0x1f5 build/main.o
 .debug_abbrev  0x000004e2      0x215 build/qspi.o
 .debug_abbrev  0x000006f7      0x14b build/timer.o
 .debug_abbrev  0x00000842      0x182 build/uart.o

.debug_aranges  0x00000000      0x1d8
 .debug_aranges
                0x00000000       0x28 build/boot.o
 .debug_aranges
                0x00000028       0x40 build/gpio.o
 .debug_aranges
                0x00000068       0x30 build/i2c.o
 .debug_aranges
                0x00000098       0x28 build/main.o
 .debug_aranges
                0x000000c0       0x70 build/qspi.o
 .debug_aranges
                0x00000130       0x60 build/timer.o
 .debug_aranges
                0x00000190       0x48 build/uart.o

.debug_str      0x00000000      0x4c9
 .debug_str     0x00000000      0x4c9 build/boot.o
                                 0x4d (size before relaxing)
 .debug_str     0x000004c9      0x19f build/gpio.o
 .debug_str     0x000004c9      0x1b2 build/i2c.o
 .debug_str     0x000004c9      0x2b6 build/main.o
 .debug_str     0x000004c9      0x253 build/qspi.o
 .debug_str     0x000004c9      0x1d3 build/timer.o
 .debug_str     0x000004c9      0x1b5 build/uart.o

.debug_rnglists
                0x00000000      0x1f5
 .debug_rnglists
                0x00000000       0x1a build/boot.o
 .debug_rnglists
                0x0000001a       0x2b build/gpio.o
 .debug_rnglists
                0x00000045       0x5b build/i2c.o
 .debug_rnglists
                0x000000a0       0x34 build/main.o
 .debug_rnglists
                0x000000d4       0x7d build/qspi.o
 .debug_rnglists
                0x00000151       0x5b build/timer.o
 .debug_rnglists
                0x000001ac       0x49 build/uart.o

.debug_loclists
                0x00000000      0x53b
 .debug_loclists
                0x00000000       0x63 build/gpio.o
 .debug_loclists
                0x00000063       0xfe build/i2c.o
 .debug_loclists
                0x00000161       0xd0 build/main.o
 .debug_loclists
                0x00000231      0x215 build/qspi.o
 .debug_loclists
                0x00000446       0x4d build/timer.o
 .debug_loclists
                0x00000493       0xa8 build/uart.o

.debug_frame    0x00000000      0x408
 .debug_frame   0x00000000       0x60 build/gpio.o
 .debug_frame   0x00000060       0x50 build/i2c.o
 .debug_frame   0x000000b0       0x54 build/main.o
 .debug_frame   0x00000104      0x184 build/qspi.o
 .debug_frame   0x00000288       0xbc build/timer.o
 .debug_frame   0x00000344       0xc4 build/uart.o
