
Discarded input sections

 .text          0x00000000        0x0 build/boot.o
 .data          0x00000000        0x0 build/boot.o
 .bss           0x00000000        0x0 build/boot.o
 .riscv.attributes
                0x00000000       0x42 build/boot.o
 .text          0x00000000        0x0 build/gpio.o
 .data          0x00000000        0x0 build/gpio.o
 .bss           0x00000000        0x0 build/gpio.o
 .text.gpio_write
                0x00000000        0x8 build/gpio.o
 .text.gpio_set_pin
                0x00000000       0x18 build/gpio.o
 .text.gpio_clear_pin
                0x00000000       0x1c build/gpio.o
 .text.gpio_read
                0x00000000        0x8 build/gpio.o
 .text.gpio_read_pin
                0x00000000       0x18 build/gpio.o
 .debug_info    0x00000000      0x1af build/gpio.o
 .debug_abbrev  0x00000000      0x107 build/gpio.o
 .debug_loclists
                0x00000000       0x63 build/gpio.o
 .debug_aranges
                0x00000000       0x40 build/gpio.o
 .debug_rnglists
                0x00000000       0x2b build/gpio.o
 .debug_line    0x00000000      0x1c8 build/gpio.o
 .debug_str     0x00000000      0x19f build/gpio.o
 .debug_line_str
                0x00000000       0xed build/gpio.o
 .comment       0x00000000       0x1d build/gpio.o
 .note.GNU-stack
                0x00000000        0x0 build/gpio.o
 .debug_frame   0x00000000       0x60 build/gpio.o
 .riscv.attributes
                0x00000000       0x44 build/gpio.o
 .text          0x00000000        0x0 build/i2c.o
 .data          0x00000000        0x0 build/i2c.o
 .bss           0x00000000        0x0 build/i2c.o
 .text.i2c_clear_flags
                0x00000000        0xa build/i2c.o
 .text.i2c_write
                0x00000000       0x70 build/i2c.o
 .text.i2c_read_reg
                0x00000000       0x6e build/i2c.o
 .debug_info    0x00000000      0x2ee build/i2c.o
 .debug_abbrev  0x00000000      0x1c0 build/i2c.o
 .debug_loclists
                0x00000000       0xfe build/i2c.o
 .debug_aranges
                0x00000000       0x30 build/i2c.o
 .debug_rnglists
                0x00000000       0x5b build/i2c.o
 .debug_line    0x00000000      0x421 build/i2c.o
 .debug_str     0x00000000      0x1b2 build/i2c.o
 .debug_line_str
                0x00000000       0xe9 build/i2c.o
 .comment       0x00000000       0x1d build/i2c.o
 .note.GNU-stack
                0x00000000        0x0 build/i2c.o
 .debug_frame   0x00000000       0x50 build/i2c.o
 .riscv.attributes
                0x00000000       0x44 build/i2c.o
 .text          0x00000000        0x0 build/main.o
 .data          0x00000000        0x0 build/main.o
 .bss           0x00000000        0x0 build/main.o
 .comment       0x00000000       0x1d build/main.o
 .note.GNU-stack
                0x00000000        0x0 build/main.o
 .riscv.attributes
                0x00000000       0x44 build/main.o
 .text          0x00000000        0x0 build/qspi.o
 .data          0x00000000        0x0 build/qspi.o
 .bss           0x00000000        0x0 build/qspi.o
 .text.qspi_wait_idle
                0x00000000        0xc build/qspi.o
 .text.qspi_break_shadow
                0x00000000       0x2e build/qspi.o
 .text.qspi_read_with_addr
                0x00000000       0x68 build/qspi.o
 .text.qspi_init
                0x00000000       0x20 build/qspi.o
 .text.qspi_read_id
                0x00000000       0x24 build/qspi.o
 .text.qspi_read_status
                0x00000000       0x22 build/qspi.o
 .text.qspi_wait_busy
                0x00000000       0x16 build/qspi.o
 .text.qspi_write_enable
                0x00000000       0x42 build/qspi.o
 .text.qspi_read
                0x00000000       0x52 build/qspi.o
 .text.qspi_page_program
                0x00000000       0xbe build/qspi.o
 .text.qspi_sector_erase
                0x00000000       0x5e build/qspi.o
 .sbss.qspi_last_instr
                0x00000000        0x1 build/qspi.o
 .debug_info    0x00000000      0x48b build/qspi.o
 .debug_abbrev  0x00000000      0x215 build/qspi.o
 .debug_loclists
                0x00000000      0x215 build/qspi.o
 .debug_aranges
                0x00000000       0x70 build/qspi.o
 .debug_rnglists
                0x00000000       0x7d build/qspi.o
 .debug_line    0x00000000      0x796 build/qspi.o
 .debug_str     0x00000000      0x253 build/qspi.o
 .debug_line_str
                0x00000000       0xed build/qspi.o
 .comment       0x00000000       0x1d build/qspi.o
 .note.GNU-stack
                0x00000000        0x0 build/qspi.o
 .debug_frame   0x00000000      0x184 build/qspi.o
 .riscv.attributes
                0x00000000       0x44 build/qspi.o
 .text          0x00000000        0x0 build/timer.o
 .data          0x00000000        0x0 build/timer.o
 .bss           0x00000000        0x0 build/timer.o
 .text.timer_init
                0x00000000       0x16 build/timer.o
 .text.timer_enable
                0x00000000        0xa build/timer.o
 .text.timer_disable
                0x00000000        0xa build/timer.o
 .text.timer_clear
                0x00000000        0xa build/timer.o
 .text.timer_clear_events
                0x00000000        0xa build/timer.o
 .text.timer_get_count
                0x00000000        0x8 build/timer.o
 .text.timer_get_events
                0x00000000        0x8 build/timer.o
 .text.timer_delay_ms
                0x00000000       0x38 build/timer.o
 .text.timer_delay_us
                0x00000000       0x36 build/timer.o
 .debug_info    0x00000000      0x26a build/timer.o
 .debug_abbrev  0x00000000      0x14b build/timer.o
 .debug_loclists
                0x00000000       0x4d build/timer.o
 .debug_aranges
                0x00000000       0x60 build/timer.o
 .debug_rnglists
                0x00000000       0x5b build/timer.o
 .debug_line    0x00000000      0x352 build/timer.o
 .debug_str     0x00000000      0x1d3 build/timer.o
 .debug_line_str
                0x00000000       0xf1 build/timer.o
 .comment       0x00000000       0x1d build/timer.o
 .note.GNU-stack
                0x00000000        0x0 build/timer.o
 .debug_frame   0x00000000       0xbc build/timer.o
 .riscv.attributes
                0x00000000       0x44 build/timer.o
 .text          0x00000000        0x0 build/uart.o
 .data          0x00000000        0x0 build/uart.o
 .bss           0x00000000        0x0 build/uart.o
 .text.uart_init
                0x00000000       0x1a build/uart.o
 .text.uart_send_char
                0x00000000       0x1e build/uart.o
 .text.uart_send_string
                0x00000000       0x22 build/uart.o
 .debug_info    0x00000000       0xff build/uart.o
 .debug_abbrev  0x00000000       0xaa build/uart.o
 .debug_loclists
                0x00000000       0x21 build/uart.o
 .debug_aranges
                0x00000000       0x30 build/uart.o
 .debug_rnglists
                0x00000000       0x1f build/uart.o
 .debug_line    0x00000000      0x17f build/uart.o
 .debug_str     0x00000000      0x154 build/uart.o
 .debug_line_str
                0x00000000       0xde build/uart.o
 .comment       0x00000000       0x1d build/uart.o
 .note.GNU-stack
                0x00000000        0x0 build/uart.o
 .debug_frame   0x00000000       0x54 build/uart.o
 .riscv.attributes
                0x00000000       0x44 build/uart.o

Memory Configuration

Name             Origin             Length             Attributes
IMEM             0x00000000         0x00001000         xr
DMEM             0x20000000         0x00001000         rw
*default*        0x00000000         0xffffffff

Linker script and memory map

LOAD build/boot.o
LOAD build/gpio.o
LOAD build/i2c.o
LOAD build/main.o
LOAD build/qspi.o
LOAD build/timer.o
LOAD build/uart.o

.text           0x00000000       0xc4
 *(.vectors)
 .vectors       0x00000000       0x24 build/boot.o
                0x00000000                _start
 *(.vectors.*)
 *(.text)
 *(.text.*)
 .text.uart_send_string
                0x00000024       0x2a build/main.o
 .text.startup.main
                0x0000004e       0x42 build/main.o
                0x0000004e                main
 *(.rodata)
 *(.rodata.*)
 *fill*         0x00000090        0x0 
 .rodata.main.str1.4
                0x00000090       0x32 build/main.o
 *(.srodata)
 *(.srodata.*)
                0x000000c4                        . = ALIGN (0x4)
 *fill*         0x000000c2        0x2 
                0x000000c4                        _etext = .

.rela.dyn       0x000000c4        0x0
 .rela.vectors  0x000000c4        0x0 build/boot.o

.bss            0x20000000        0x0
                0x20000000                        _sbss = .
 *(.bss)
 *(.bss.*)
 *(.sbss)
 *(.sbss.*)
 *(COMMON)
                0x20000000                        . = ALIGN (0x4)
                0x20000000                        _ebss = .

/DISCARD/
 *(.comment)
 *(.note)
 *(.note.*)
 *(.eh_frame)
 *(.eh_frame.*)
 *(.riscv.attributes)
OUTPUT(build/firmware.elf elf32-littleriscv)

.debug_line     0x00000000      0x270
 .debug_line    0x00000000       0x76 build/boot.o
 .debug_line    0x00000076      0x1fa build/main.o

.debug_line_str
                0x00000000       0xb5
 .debug_line_str
                0x00000000       0xb5 build/boot.o
                                 0x29 (size before relaxing)
 .debug_line_str
                0x000000b5       0xde build/main.o

.debug_info     0x00000000      0x1e3
 .debug_info    0x00000000       0x24 build/boot.o
 .debug_info    0x00000024      0x1bf build/main.o

.debug_abbrev   0x00000000      0x171
 .debug_abbrev  0x00000000       0x14 build/boot.o
 .debug_abbrev  0x00000014      0x15d build/main.o

.debug_aranges  0x00000000       0x48
 .debug_aranges
                0x00000000       0x20 build/boot.o
 .debug_aranges
                0x00000020       0x28 build/main.o

.debug_str      0x00000000      0x16c
 .debug_str     0x00000000      0x16c build/boot.o
                                 0x38 (size before relaxing)
 .debug_str     0x0000016c      0x17e build/main.o

.debug_loclists
                0x00000000       0x1c
 .debug_loclists
                0x00000000       0x1c build/main.o

.debug_rnglists
                0x00000000       0x43
 .debug_rnglists
                0x00000000       0x43 build/main.o

.debug_frame    0x00000000       0x38
 .debug_frame   0x00000000       0x38 build/main.o
